---
source: nicknamer/server/tests/auth_endpoints_tests.rs
expression: snapshot_data
---
test_context: login_with_valid_credentials
status: 200
headers:
  content-type: text/html; charset=utf-8
html_body:
  - "<div class=\"card-body items-center text-center\">"
  - "  <h2 class=\"card-title\">Login Successful!</h2>"
  - "  <p>Hello <b>admin</b></p>"
  - "  <div hx-boost=\"true\" class=\"card-actions justify-end\">"
  - "    <a href=\"/names\" class=\"btn btn-primary\">Manage Names</a>"
  - "  </div>"
  - "</div>"
