---
source: nicknamer/server/tests/names_endpoints_tests.rs
expression: snapshot_data
---
test_context: create_multiple_names_update_count
status: 200
content_type: text/html; charset=utf-8
headers:
  content-length: "761"
  content-type: text/html; charset=utf-8
html_body: "\n<div class=\"overflow-x-auto\">\n  <table class=\"table table-zebra w-full\">\n    <thead>\n      <tr>\n        <th>Discord ID</th>\n        <th>Name</th>\n      </tr>\n    </thead>\n    <tbody>\n      \n      <tr>\n        <td>123456789</td>\n        <td class=\"font-semibold\">TestUser1</td>\n      </tr>\n      \n      <tr>\n        <td>987654321</td>\n        <td class=\"font-semibold\">TestUser2</td>\n      </tr>\n      \n      <tr>\n        <td>111222333</td>\n        <td class=\"font-semibold\">ThirdUser</td>\n      </tr>\n      \n    </tbody>\n  </table>\n</div>\n\n\n\n<div class=\"stats stats-horizontal shadow mt-6\">\n  <div class=\"stat\">\n    <div class=\"stat-title\">Total Names</div>\n    <div class=\"stat-value\">3</div>\n    <div class=\"stat-desc\">Names in database</div>\n  </div>\n</div>"
