---
source: nicknamer/server/tests/names_endpoints_tests.rs
expression: snapshot_data
---
test_context: form_with_special_characters
status: 200
content_type: text/html; charset=utf-8
headers:
  content-length: "597"
  content-type: text/html; charset=utf-8
html_body: "\n<div class=\"overflow-x-auto\">\n  <table class=\"table table-zebra w-full\">\n    <thead>\n      <tr>\n        <th>ID</th>\n        <th>Discord ID</th>\n        <th>Name</th>\n      </tr>\n    </thead>\n    <tbody>\n      \n      <tr>\n        <td>1</td>\n        <td>888999000</td>\n        <td class=\"font-semibold\">User With Spaces!</td>\n      </tr>\n      \n    </tbody>\n  </table>\n</div>\n\n\n\n<div class=\"stats stats-horizontal shadow mt-6\">\n  <div class=\"stat\">\n    <div class=\"stat-title\">Total Names</div>\n    <div class=\"stat-value\">1</div>\n    <div class=\"stat-desc\">Names in database</div>\n  </div>\n</div>\n"
